    Hinst Name                                                                 Module Name                                                                                                                                                                                                                                                                                                                                                                                                                                                                                                                                                                                                                                                   Inst Count           Total Area
-------------------------------------------------------------------------------------------------------------------------------------------------------------------------------------------------------------------------------------------------------------------------------------------------------------------------------------------------------------------------------------------------------------------------------------------------------------------------------------------------------------------------------------------------------------------------------------------------------------------------------------------------------------------------------------------------------------------------------------------------------------------------
rv32i_superscalar_core                                                                                                                                                                                                                                                                                                                                                                                                                                                                                                                                                                                                                                                                                                                           146500            66454.785
  dispatch_stage_unit                                                          dispatch_stage_DATA_WIDTH32_PHYS_REG_ADDR_WIDTH6_NUM_PHYS_REGS64_issue_to_dispatch_0_issue_to_dispatch_if_DATA_WIDTH32_PHYS_REG_ADDR_WIDTH6_dispatch_issue_to_dispatch_1_issue_to_dispatch_if_DATA_WIDTH32_PHYS_REG_ADDR_WIDTH6_dispatch_issue_to_dispatch_2_issue_to_dispatch_if_DATA_WIDTH32_PHYS_REG_ADDR_WIDTH6_dispatch_dispatch_to_alu_0_rs_to_exec_if_DATA_WIDTH32_PHYS_REG_ADDR_WIDTH6_reservation_station_dispatch_to_alu_1_rs_to_exec_if_DATA_WIDTH32_PHYS_REG_ADDR_WIDTH6_reservation_station_dispatch_to_alu_2_rs_to_exec_if_DATA_WIDTH32_PHYS_REG_ADDR_WIDTH6_reservation_station_cdb_interface_cdb_if_DATA_WIDTH32_PHYS_REG_ADDR_WIDTH6_default      61297            26824.867
    dispatch_stage_unit/lsq_load_0_data_organizer                              data_organizer_size32                                                                                                                                                                                                                                                                                                                                                                                                                                                                                                                                                                                                                                                  0                0.000
    dispatch_stage_unit/lsq_load_1_data_organizer                              data_organizer_size32                                                                                                                                                                                                                                                                                                                                                                                                                                                                                                                                                                                                                                                  0                0.000
    dispatch_stage_unit/lsq_load_2_data_organizer                              data_organizer_size32                                                                                                                                                                                                                                                                                                                                                                                                                                                                                                                                                                                                                                                  0                0.000
    dispatch_stage_unit/lsq_store_0_data_organizer                             data_organizer_size32                                                                                                                                                                                                                                                                                                                                                                                                                                                                                                                                                                                                                                                  0                0.000
    dispatch_stage_unit/lsq_store_1_data_organizer                             data_organizer_size32                                                                                                                                                                                                                                                                                                                                                                                                                                                                                                                                                                                                                                                  0                0.000
    dispatch_stage_unit/lsq_store_2_data_organizer                             data_organizer_size32                                                                                                                                                                                                                                                                                                                                                                                                                                                                                                                                                                                                                                                  0                0.000
  fetch_buffer_unit_fetch_unit_jump_ctrl                                       jump_controller_super_size32_ENTRIES128                                                                                                                                                                                                                                                                                                                                                                                                                                                                                                                                                                                                                            20526             8920.575
  issue_stage_unit_rat_inst_brat_buffer                                        brat_circular_buffer_BUFFER_DEPTH16_ARCH_REGS32_PHYS_ADDR_WIDTH6_DATA_WIDTH32_RAS_PTR_WIDTH3_ENTRIES128                                                                                                                                                                                                                                                                                                                                                                                                                                                                                                                                                            32744            15866.721
    issue_stage_unit_rat_inst_brat_buffer/final_adder_ADD_TC_OP_4_Y_ADD_TC_CI_OP add_signed_carry_2414                                                                                                                                                                                                                                                                                                                                                                                                                                                                                                                                                                                                                                                 14                9.279
